
============================================================
Run: checkpoint_20260519_084730 started at 2026-05-19 08:47:30.421206+08:00
============================================================

============================================================
Run: checkpoint_20260519_084730 started at 2026-05-19 08:47:30.459796+08:00
============================================================

============================================================
Run: checkpoint_20260519_084730 started at 2026-05-19 08:47:30.529046+08:00
============================================================

============================================================
Run: checkpoint_20260519_084730 started at 2026-05-19 08:47:30.533142+08:00
============================================================

============================================================
Run: checkpoint_20260519_084730 started at 2026-05-19 08:47:30.540755+08:00
============================================================

============================================================
Run: checkpoint_20260519_084730 started at 2026-05-19 08:47:30.572839+08:00
============================================================
New best validation 0.18515726923942566
New best validation 0.18515726923942566
New best validation 0.18515726923942566
New best validation 0.18515726923942566
New best validation 0.18515726923942566
New best validation 0.18515726923942566
Epoch   0 | Loss: 0.1981 | Val: 0.1852 ★ | LR: 0.0001 | 329.7s
Epoch   1 | Loss: 0.2214 | Val: 0.2066 | LR: 0.0001 | 356.3s
Epoch   2 | Loss: 0.1887 | Val: 0.2056 | LR: 0.0001 | 344.8s
Epoch   3 | Loss: 0.1887 | Val: 0.1983 | LR: 0.0001 | 340.9s
Epoch   4 | Loss: 0.1844 | Val: 0.2391 | LR: 0.0001 | 339.8s
New best validation 0.18427571654319763
New best validation 0.18427571654319763
New best validation 0.18427571654319763
New best validation 0.18427571654319763
New best validation 0.18427571654319763
New best validation 0.18427571654319763
Epoch   5 | Loss: 0.1813 | Val: 0.1843 ★ | LR: 0.0001 | 343.0s
New best validation 0.1780673712491989
New best validation 0.1780673712491989
New best validation 0.1780673712491989
New best validation 0.1780673712491989
New best validation 0.1780673712491989
New best validation 0.1780673712491989
Epoch   6 | Loss: 0.1823 | Val: 0.1781 ★ | LR: 0.0001 | 340.5s
Epoch   7 | Loss: 0.1836 | Val: 0.1950 | LR: 0.0001 | 339.3s
Epoch   8 | Loss: 0.1801 | Val: 0.1890 | LR: 0.0001 | 339.3s
Epoch   9 | Loss: 0.1768 | Val: 0.1833 | LR: 0.0001 | 343.0s
Epoch  10 | Loss: 0.1805 | Val: 0.1845 | LR: 0.0001 | 340.7s
Epoch  11 | Loss: 0.1778 | Val: 0.1839 | LR: 0.0001 | 340.6s
Epoch  12 | Loss: 0.1725 | Val: 0.1883 | LR: 0.0001 | 344.3s
Epoch  13 | Loss: 0.1737 | Val: 0.1939 | LR: 0.0001 | 341.8s
Epoch  14 | Loss: 0.1693 | Val: 0.1795 | LR: 0.0001 | 340.7s
New best validation 0.1755753457546234
New best validation 0.1755753457546234
New best validation 0.1755753457546234
New best validation 0.1755753457546234
New best validation 0.1755753457546234
New best validation 0.1755753457546234
Epoch  15 | Loss: 0.1710 | Val: 0.1756 ★ | LR: 0.0001 | 342.3s
Epoch  16 | Loss: 0.1800 | Val: 0.1904 | LR: 0.0001 | 339.5s
Epoch  17 | Loss: 0.1725 | Val: 0.1883 | LR: 0.0001 | 342.6s
Epoch  18 | Loss: 0.1719 | Val: 0.1774 | LR: 0.0001 | 342.9s
Epoch  19 | Loss: 0.1719 | Val: 0.1888 | LR: 0.0001 | 340.7s
Epoch  20 | Loss: 0.1708 | Val: 0.1908 | LR: 0.0001 | 343.1s
Epoch  21 | Loss: 0.1730 | Val: 0.1784 | LR: 0.0001 | 342.4s
Epoch  22 | Loss: 0.1724 | Val: 0.1902 | LR: 0.0001 | 345.9s
Epoch  23 | Loss: 0.1717 | Val: 0.1822 | LR: 0.0001 | 341.8s
Epoch  24 | Loss: 0.1740 | Val: 0.1918 | LR: 0.0001 | 340.5s
Epoch  25 | Loss: 0.1669 | Val: 0.1898 | LR: 0.0001 | 342.6s
Epoch  26 | Loss: 0.1712 | Val: 0.1863 | LR: 0.0001 | 340.1s
Epoch  27 | Loss: 0.1717 | Val: 0.1921 | LR: 0.0001 | 338.9s
Epoch  28 | Loss: 0.1721 | Val: 0.1971 | LR: 0.0001 | 341.1s
Epoch  29 | Loss: 0.1719 | Val: 0.1929 | LR: 0.0001 | 340.3s
Epoch  30 | Loss: 0.1710 | Val: 0.1760 | LR: 0.0001 | 340.6s
New best validation 0.17395234107971191
New best validation 0.17395234107971191
New best validation 0.17395234107971191
New best validation 0.17395234107971191
New best validation 0.17395234107971191
New best validation 0.17395234107971191
Epoch  31 | Loss: 0.1716 | Val: 0.1740 ★ | LR: 0.0001 | 342.8s
Epoch  32 | Loss: 0.1712 | Val: 0.1799 | LR: 0.0001 | 341.1s
Epoch  33 | Loss: 0.1701 | Val: 0.1822 | LR: 0.0001 | 342.6s
New best validation 0.16612932085990906
New best validation 0.16612932085990906
New best validation 0.16612932085990906
New best validation 0.16612932085990906
New best validation 0.16612932085990906
New best validation 0.16612932085990906
Epoch  34 | Loss: 0.1718 | Val: 0.1661 ★ | LR: 0.0001 | 347.1s
Epoch  35 | Loss: 0.1679 | Val: 0.1747 | LR: 0.0001 | 343.0s
Epoch  36 | Loss: 0.1741 | Val: 0.1744 | LR: 0.0001 | 343.8s
Epoch  37 | Loss: 0.1690 | Val: 0.1782 | LR: 0.0001 | 345.1s
Epoch  38 | Loss: 0.1671 | Val: 0.1662 | LR: 0.0001 | 345.7s
Epoch  39 | Loss: 0.1645 | Val: 0.1797 | LR: 0.0001 | 345.9s
Epoch  40 | Loss: 0.1709 | Val: 0.1779 | LR: 0.0001 | 348.1s
Epoch  41 | Loss: 0.1686 | Val: 0.1796 | LR: 0.0001 | 345.6s
Epoch  42 | Loss: 0.1605 | Val: 0.1775 | LR: 0.0001 | 345.2s
New best validation 0.16320063173770905
New best validation 0.16320063173770905
New best validation 0.16320063173770905
New best validation 0.16320063173770905
New best validation 0.16320063173770905
New best validation 0.16320063173770905
Epoch  43 | Loss: 0.1711 | Val: 0.1632 ★ | LR: 0.0001 | 347.8s
Epoch  44 | Loss: 0.1672 | Val: 0.1697 | LR: 0.0001 | 347.0s
Epoch  45 | Loss: 0.1691 | Val: 0.1820 | LR: 0.0001 | 343.5s
Epoch  46 | Loss: 0.1695 | Val: 0.1840 | LR: 0.0001 | 341.4s
Epoch  47 | Loss: 0.1644 | Val: 0.1722 | LR: 0.0001 | 343.3s
Epoch  48 | Loss: 0.1714 | Val: 0.1787 | LR: 0.0001 | 340.3s
Epoch  49 | Loss: 0.1692 | Val: 0.1724 | LR: 0.0001 | 341.9s
Epoch  50 | Loss: 0.1664 | Val: 0.1756 | LR: 0.0001 | 343.0s
Epoch  51 | Loss: 0.1694 | Val: 0.1763 | LR: 0.0001 | 344.0s
Epoch  52 | Loss: 0.1685 | Val: 0.1754 | LR: 0.0001 | 346.5s
Epoch  53 | Loss: 0.1708 | Val: 0.1811 | LR: 0.0001 | 342.3s
Epoch  54 | Loss: 0.1670 | Val: 0.1873 | LR: 0.0001 | 339.8s
Epoch  55 | Loss: 0.1683 | Val: 0.1787 | LR: 0.0001 | 343.5s
Epoch  56 | Loss: 0.1634 | Val: 0.1826 | LR: 0.0001 | 343.5s
Epoch  57 | Loss: 0.1700 | Val: 0.1693 | LR: 0.0001 | 346.4s
New best validation 0.16077439486980438
New best validation 0.16077439486980438
New best validation 0.16077439486980438
New best validation 0.16077439486980438
New best validation 0.16077439486980438
New best validation 0.16077439486980438
Epoch  58 | Loss: 0.1713 | Val: 0.1608 ★ | LR: 0.0001 | 346.0s
Epoch  59 | Loss: 0.1649 | Val: 0.1803 | LR: 0.0001 | 342.1s
Epoch  60 | Loss: 0.1662 | Val: 0.1789 | LR: 0.0001 | 345.8s
Epoch  61 | Loss: 0.1622 | Val: 0.1808 | LR: 0.0001 | 341.9s
Epoch  62 | Loss: 0.1650 | Val: 0.1754 | LR: 0.0001 | 348.4s
New best validation 0.16063238680362701
New best validation 0.16063238680362701
New best validation 0.16063238680362701
New best validation 0.16063238680362701
New best validation 0.16063238680362701
New best validation 0.16063238680362701
Epoch  63 | Loss: 0.1675 | Val: 0.1606 ★ | LR: 0.0001 | 342.8s
Epoch  64 | Loss: 0.1691 | Val: 0.1781 | LR: 0.0001 | 343.4s
Epoch  65 | Loss: 0.1707 | Val: 0.1703 | LR: 0.0001 | 346.7s
Epoch  66 | Loss: 0.1680 | Val: 0.1700 | LR: 0.0001 | 341.5s
Epoch  67 | Loss: 0.1743 | Val: 0.1713 | LR: 0.0001 | 340.7s
Epoch  68 | Loss: 0.1636 | Val: 0.1705 | LR: 0.0001 | 344.2s
Epoch  69 | Loss: 0.1693 | Val: 0.1758 | LR: 0.0001 | 341.9s
Epoch  70 | Loss: 0.1673 | Val: 0.1672 | LR: 0.0001 | 345.9s
Epoch  71 | Loss: 0.1718 | Val: 0.1680 | LR: 0.0001 | 341.8s
Epoch  72 | Loss: 0.1689 | Val: 0.1736 | LR: 0.0001 | 341.8s
Epoch  73 | Loss: 0.1680 | Val: 0.1624 | LR: 0.0001 | 348.8s
Epoch  74 | Loss: 0.1646 | Val: 0.1722 | LR: 0.0001 | 343.4s
Epoch  75 | Loss: 0.1694 | Val: 0.1693 | LR: 0.0001 | 346.7s
Epoch  76 | Loss: 0.1664 | Val: 0.1626 | LR: 0.0001 | 340.3s
Epoch  77 | Loss: 0.1649 | Val: 0.1738 | LR: 0.0001 | 343.1s
Epoch  78 | Loss: 0.1711 | Val: 0.1634 | LR: 0.0001 | 342.5s
Epoch  79 | Loss: 0.1671 | Val: 0.1810 | LR: 0.0001 | 344.5s
Epoch  80 | Loss: 0.1694 | Val: 0.1739 | LR: 0.0001 | 341.5s
Epoch  81 | Loss: 0.1651 | Val: 0.1663 | LR: 0.0001 | 342.3s
Epoch  82 | Loss: 0.1657 | Val: 0.1678 | LR: 0.0001 | 346.0s
Epoch  83 | Loss: 0.1629 | Val: 0.1742 | LR: 0.0001 | 345.0s
Epoch  84 | Loss: 0.1650 | Val: 0.1766 | LR: 0.0001 | 341.3s
Epoch  85 | Loss: 0.1689 | Val: 0.1681 | LR: 0.0001 | 345.9s
Epoch  86 | Loss: 0.1696 | Val: 0.1755 | LR: 0.0001 | 343.5s
Epoch  87 | Loss: 0.1706 | Val: 0.1696 | LR: 0.0001 | 341.9s
Epoch  88 | Loss: 0.1689 | Val: 0.1731 | LR: 0.0001 | 344.4s
New best validation 0.15834525227546692
New best validation 0.15834525227546692
New best validation 0.15834525227546692
New best validation 0.15834525227546692
New best validation 0.15834525227546692
New best validation 0.15834525227546692
Epoch  89 | Loss: 0.1687 | Val: 0.1583 ★ | LR: 0.0001 | 343.6s
Epoch  90 | Loss: 0.1681 | Val: 0.1746 | LR: 0.0001 | 341.5s
Epoch  91 | Loss: 0.1720 | Val: 0.1744 | LR: 0.0001 | 372.1s
Epoch  92 | Loss: 0.1659 | Val: 0.1722 | LR: 0.0001 | 377.0s
Epoch  93 | Loss: 0.1705 | Val: 0.1752 | LR: 0.0001 | 343.5s
Epoch  94 | Loss: 0.1701 | Val: 0.1668 | LR: 0.0001 | 341.0s
Epoch  95 | Loss: 0.1680 | Val: 0.1742 | LR: 0.0001 | 342.8s
Epoch  96 | Loss: 0.1629 | Val: 0.1653 | LR: 0.0001 | 344.3s
Epoch  97 | Loss: 0.1691 | Val: 0.1635 | LR: 0.0001 | 343.8s
Epoch  98 | Loss: 0.1683 | Val: 0.1694 | LR: 0.0001 | 342.6s
Epoch  99 | Loss: 0.1708 | Val: 0.1791 | LR: 0.0001 | 343.4s
